03-bard-default-path-00023 a native_rejected 101.27 cornered
02-bard-default-path-00007 a ready 112.628 None
01-bard-00023 a ready 156.286 None
00-bard-00007 a native_rejected 158.256 cornered
04-bard-default-path-00041 a ready 137.507 None
05-bard-inherited-00007 a native_rejected 132.981 cornered
03-bard-default-path-00023 b ready 196.048 None
00-bard-00007 b ready 171.655 None
05-bard-inherited-00007 b ready 105.291 None
08-broad-restore-capture a ready 80.381 None
07-bard-inherited-00041 a native_rejected 167.774 cornered
10-madman-00007 a ready 143.528 None
09-door-reluctance-capture a ready 160.607 None
07-bard-inherited-00041 b ready 93.32 None
06-bard-inherited-00023 a ready 324.218 None
11-madman-00023 a ready 147.39 None
12-madman-00041 a native_rejected 211.277 never_closes
14-wizard-default-path-00023 a ready 244.105 None
12-madman-00041 b ready 122.1 None
17-bard-00023 a ready 164.573 None
13-wizard-default-path-00007 a deadline 540.195 None
15-wizard-default-path-00041 a ready 429.583 None
16-bard-00007 a native_rejected 315.26 cornered
19-bard-default-path-00023 a ready 90.66 None
18-bard-default-path-00007 a native_rejected 190.035 never_closes
16-bard-00007 b deadline 279.024 None
18-bard-default-path-00007 b ready 234.012 None
exit 0
